<?xml version="1.0"?>
<link_info>
   <banner>TI ARM Linker Unix v16.9.3.LTS</banner>
   <copyright>Copyright (c) 1996-2017 Texas Instruments Incorporated</copyright>
   <link_time>0x5a2f0eb0</link_time>
   <link_errors>0x0</link_errors>
   <output_file>Embedded_Final.out</output_file>
   <entry_point>
      <name>_c_int00</name>
      <address>0x2ab5</address>
   </entry_point>
   <input_file_list>
      <input_file id="fl-2">
         <path>./</path>
         <kind>object</kind>
         <file>ADC.obj</file>
         <name>ADC.obj</name>
      </input_file>
      <input_file id="fl-3">
         <path>./</path>
         <kind>object</kind>
         <file>FPS.obj</file>
         <name>FPS.obj</name>
      </input_file>
      <input_file id="fl-4">
         <path>./</path>
         <kind>object</kind>
         <file>RTC.obj</file>
         <name>RTC.obj</name>
      </input_file>
      <input_file id="fl-5">
         <path>./</path>
         <kind>object</kind>
         <file>UART.obj</file>
         <name>UART.obj</name>
      </input_file>
      <input_file id="fl-6">
         <path>./</path>
         <kind>object</kind>
         <file>master-main.obj</file>
         <name>master-main.obj</name>
      </input_file>
      <input_file id="fl-7">
         <path>./</path>
         <kind>object</kind>
         <file>port.obj</file>
         <name>port.obj</name>
      </input_file>
      <input_file id="fl-8">
         <path>./</path>
         <kind>object</kind>
         <file>startup_msp432p401r_ccs.obj</file>
         <name>startup_msp432p401r_ccs.obj</name>
      </input_file>
      <input_file id="fl-9">
         <path>./</path>
         <kind>object</kind>
         <file>state.obj</file>
         <name>state.obj</name>
      </input_file>
      <input_file id="fl-a">
         <path>./</path>
         <kind>object</kind>
         <file>system_msp432p401r.obj</file>
         <name>system_msp432p401r.obj</name>
      </input_file>
      <input_file id="fl-b">
         <path>./</path>
         <kind>object</kind>
         <file>timers.obj</file>
         <name>timers.obj</name>
      </input_file>
      <input_file id="fl-f">
         <kind>object</kind>
         <file>&lt;internal&gt;</file>
         <name>&lt;internal&gt;</name>
      </input_file>
      <input_file id="fl-c5">
         <path>/Applications/ti/ccsv7/tools/compiler/ti-cgt-arm_16.9.3.LTS/lib/</path>
         <kind>archive</kind>
         <file>rtsv7M4_T_le_v4SPD16_eabi.lib</file>
         <name>boot.obj</name>
      </input_file>
      <input_file id="fl-c6">
         <path>/Applications/ti/ccsv7/tools/compiler/ti-cgt-arm_16.9.3.LTS/lib/</path>
         <kind>archive</kind>
         <file>rtsv7M4_T_le_v4SPD16_eabi.lib</file>
         <name>copy_decompress_lzss.obj</name>
      </input_file>
      <input_file id="fl-c7">
         <path>/Applications/ti/ccsv7/tools/compiler/ti-cgt-arm_16.9.3.LTS/lib/</path>
         <kind>archive</kind>
         <file>rtsv7M4_T_le_v4SPD16_eabi.lib</file>
         <name>copy_decompress_none.obj</name>
      </input_file>
      <input_file id="fl-c8">
         <path>/Applications/ti/ccsv7/tools/compiler/ti-cgt-arm_16.9.3.LTS/lib/</path>
         <kind>archive</kind>
         <file>rtsv7M4_T_le_v4SPD16_eabi.lib</file>
         <name>copy_zero_init.obj</name>
      </input_file>
      <input_file id="fl-c9">
         <path>/Applications/ti/ccsv7/tools/compiler/ti-cgt-arm_16.9.3.LTS/lib/</path>
         <kind>archive</kind>
         <file>rtsv7M4_T_le_v4SPD16_eabi.lib</file>
         <name>exit.obj</name>
      </input_file>
      <input_file id="fl-ca">
         <path>/Applications/ti/ccsv7/tools/compiler/ti-cgt-arm_16.9.3.LTS/lib/</path>
         <kind>archive</kind>
         <file>rtsv7M4_T_le_v4SPD16_eabi.lib</file>
         <name>fd_cmp_t2.obj</name>
      </input_file>
      <input_file id="fl-cb">
         <path>/Applications/ti/ccsv7/tools/compiler/ti-cgt-arm_16.9.3.LTS/lib/</path>
         <kind>archive</kind>
         <file>rtsv7M4_T_le_v4SPD16_eabi.lib</file>
         <name>fd_mul_t2.obj</name>
      </input_file>
      <input_file id="fl-cc">
         <path>/Applications/ti/ccsv7/tools/compiler/ti-cgt-arm_16.9.3.LTS/lib/</path>
         <kind>archive</kind>
         <file>rtsv7M4_T_le_v4SPD16_eabi.lib</file>
         <name>memcpy_t2.obj</name>
      </input_file>
      <input_file id="fl-cd">
         <path>/Applications/ti/ccsv7/tools/compiler/ti-cgt-arm_16.9.3.LTS/lib/</path>
         <kind>archive</kind>
         <file>rtsv7M4_T_le_v4SPD16_eabi.lib</file>
         <name>memset_t2.obj</name>
      </input_file>
      <input_file id="fl-ce">
         <path>/Applications/ti/ccsv7/tools/compiler/ti-cgt-arm_16.9.3.LTS/lib/</path>
         <kind>archive</kind>
         <file>rtsv7M4_T_le_v4SPD16_eabi.lib</file>
         <name>mpu_init.obj</name>
      </input_file>
      <input_file id="fl-cf">
         <path>/Applications/ti/ccsv7/tools/compiler/ti-cgt-arm_16.9.3.LTS/lib/</path>
         <kind>archive</kind>
         <file>rtsv7M4_T_le_v4SPD16_eabi.lib</file>
         <name>pre_init.obj</name>
      </input_file>
      <input_file id="fl-d0">
         <path>/Applications/ti/ccsv7/tools/compiler/ti-cgt-arm_16.9.3.LTS/lib/</path>
         <kind>archive</kind>
         <file>rtsv7M4_T_le_v4SPD16_eabi.lib</file>
         <name>stkdepth_vars.obj</name>
      </input_file>
      <input_file id="fl-d1">
         <path>/Applications/ti/ccsv7/tools/compiler/ti-cgt-arm_16.9.3.LTS/lib/</path>
         <kind>archive</kind>
         <file>rtsv7M4_T_le_v4SPD16_eabi.lib</file>
         <name>strlen.obj</name>
      </input_file>
      <input_file id="fl-d2">
         <path>/Applications/ti/ccsv7/tools/compiler/ti-cgt-arm_16.9.3.LTS/lib/</path>
         <kind>archive</kind>
         <file>rtsv7M4_T_le_v4SPD16_eabi.lib</file>
         <name>u_tofd_t2.obj</name>
      </input_file>
      <input_file id="fl-d3">
         <path>/Applications/ti/ccsv7/tools/compiler/ti-cgt-arm_16.9.3.LTS/lib/</path>
         <kind>archive</kind>
         <file>rtsv7M4_T_le_v4SPD16_eabi.lib</file>
         <name>_lock.obj</name>
      </input_file>
      <input_file id="fl-d4">
         <path>/Applications/ti/ccsv7/tools/compiler/ti-cgt-arm_16.9.3.LTS/lib/</path>
         <kind>archive</kind>
         <file>rtsv7M4_T_le_v4SPD16_eabi.lib</file>
         <name>args_main.obj</name>
      </input_file>
      <input_file id="fl-d5">
         <path>/Applications/ti/ccsv7/tools/compiler/ti-cgt-arm_16.9.3.LTS/lib/</path>
         <kind>archive</kind>
         <file>rtsv7M4_T_le_v4SPD16_eabi.lib</file>
         <name>autoinit.obj</name>
      </input_file>
      <input_file id="fl-d6">
         <path>/Applications/ti/ccsv7/tools/compiler/ti-cgt-arm_16.9.3.LTS/lib/</path>
         <kind>archive</kind>
         <file>rtsv7M4_T_le_v4SPD16_eabi.lib</file>
         <name>cpy_tbl.obj</name>
      </input_file>
      <input_file id="fl-d7">
         <path>/Applications/ti/ccsv7/tools/compiler/ti-cgt-arm_16.9.3.LTS/lib/</path>
         <kind>archive</kind>
         <file>rtsv7M4_T_le_v4SPD16_eabi.lib</file>
         <name>startup.obj</name>
      </input_file>
   </input_file_list>
   <object_component_list>
      <object_component id="oc-2c">
         <name>.intvecs:retain</name>
         <load_address>0x0</load_address>
         <run_address>0x0</run_address>
         <size>0xe4</size>
         <input_file_ref idref="fl-8"/>
      </object_component>
      <object_component id="oc-12d">
         <name>.text</name>
         <load_address>0xe4</load_address>
         <run_address>0xe4</run_address>
         <size>0xb78</size>
         <input_file_ref idref="fl-3"/>
      </object_component>
      <object_component id="oc-93">
         <name>.text</name>
         <load_address>0xc5c</load_address>
         <run_address>0xc5c</run_address>
         <size>0x66c</size>
         <input_file_ref idref="fl-7"/>
      </object_component>
      <object_component id="oc-c2">
         <name>.text</name>
         <load_address>0x12c8</load_address>
         <run_address>0x12c8</run_address>
         <size>0x564</size>
         <input_file_ref idref="fl-6"/>
      </object_component>
      <object_component id="oc-81">
         <name>.text</name>
         <load_address>0x182c</load_address>
         <run_address>0x182c</run_address>
         <size>0x43c</size>
         <input_file_ref idref="fl-5"/>
      </object_component>
      <object_component id="oc-d5">
         <name>.text</name>
         <load_address>0x1c68</load_address>
         <run_address>0x1c68</run_address>
         <size>0x32c</size>
         <input_file_ref idref="fl-a"/>
      </object_component>
      <object_component id="oc-8d">
         <name>.text</name>
         <load_address>0x1f94</load_address>
         <run_address>0x1f94</run_address>
         <size>0x2c4</size>
         <input_file_ref idref="fl-4"/>
      </object_component>
      <object_component id="oc-7b">
         <name>.text</name>
         <load_address>0x2258</load_address>
         <run_address>0x2258</run_address>
         <size>0x2b4</size>
         <input_file_ref idref="fl-b"/>
      </object_component>
      <object_component id="oc-87">
         <name>.text</name>
         <load_address>0x250c</load_address>
         <run_address>0x250c</run_address>
         <size>0x1a8</size>
         <input_file_ref idref="fl-2"/>
      </object_component>
      <object_component id="oc-fd">
         <name>.text</name>
         <load_address>0x26b4</load_address>
         <run_address>0x26b4</run_address>
         <size>0xfc</size>
         <input_file_ref idref="fl-cb"/>
      </object_component>
      <object_component id="oc-3b">
         <name>.text</name>
         <load_address>0x27b0</load_address>
         <run_address>0x27b0</run_address>
         <size>0x9c</size>
         <input_file_ref idref="fl-cc"/>
      </object_component>
      <object_component id="oc-133">
         <name>.text</name>
         <load_address>0x284c</load_address>
         <run_address>0x284c</run_address>
         <size>0x90</size>
         <input_file_ref idref="fl-9"/>
      </object_component>
      <object_component id="oc-102">
         <name>.text:__aeabi_cdcmple</name>
         <load_address>0x28dc</load_address>
         <run_address>0x28dc</run_address>
         <size>0x86</size>
         <input_file_ref idref="fl-ca"/>
      </object_component>
      <object_component id="oc-47">
         <name>.text</name>
         <load_address>0x2962</load_address>
         <run_address>0x2962</run_address>
         <size>0x7a</size>
         <input_file_ref idref="fl-cd"/>
      </object_component>
      <object_component id="oc-5f">
         <name>.text</name>
         <load_address>0x29dc</load_address>
         <run_address>0x29dc</run_address>
         <size>0x70</size>
         <input_file_ref idref="fl-d5"/>
      </object_component>
      <object_component id="oc-14">
         <name>.text:decompress:lzss</name>
         <load_address>0x2a4c</load_address>
         <run_address>0x2a4c</run_address>
         <size>0x68</size>
         <input_file_ref idref="fl-c6"/>
      </object_component>
      <object_component id="oc-26">
         <name>.text</name>
         <load_address>0x2ab4</load_address>
         <run_address>0x2ab4</run_address>
         <size>0x54</size>
         <input_file_ref idref="fl-c5"/>
      </object_component>
      <object_component id="oc-6b">
         <name>.text</name>
         <load_address>0x2b08</load_address>
         <run_address>0x2b08</run_address>
         <size>0x54</size>
         <input_file_ref idref="fl-c9"/>
      </object_component>
      <object_component id="oc-b4">
         <name>.text</name>
         <load_address>0x2b5c</load_address>
         <run_address>0x2b5c</run_address>
         <size>0x4c</size>
         <input_file_ref idref="fl-d6"/>
      </object_component>
      <object_component id="oc-f8">
         <name>.text</name>
         <load_address>0x2ba8</load_address>
         <run_address>0x2ba8</run_address>
         <size>0x20</size>
         <input_file_ref idref="fl-d2"/>
      </object_component>
      <object_component id="oc-65">
         <name>.text</name>
         <load_address>0x2bc8</load_address>
         <run_address>0x2bc8</run_address>
         <size>0x18</size>
         <input_file_ref idref="fl-d4"/>
      </object_component>
      <object_component id="oc-143">
         <name>.text</name>
         <load_address>0x2be0</load_address>
         <run_address>0x2be0</run_address>
         <size>0x14</size>
         <input_file_ref idref="fl-d3"/>
      </object_component>
      <object_component id="oc-e5">
         <name>.text</name>
         <load_address>0x2bf4</load_address>
         <run_address>0x2bf4</run_address>
         <size>0x14</size>
         <input_file_ref idref="fl-d1"/>
      </object_component>
      <object_component id="oc-1a">
         <name>.text:decompress:none</name>
         <load_address>0x2c08</load_address>
         <run_address>0x2c08</run_address>
         <size>0xe</size>
         <input_file_ref idref="fl-c7"/>
      </object_component>
      <object_component id="oc-75">
         <name>.text</name>
         <load_address>0x2c16</load_address>
         <run_address>0x2c16</run_address>
         <size>0xe</size>
         <input_file_ref idref="fl-8"/>
      </object_component>
      <object_component id="oc-20">
         <name>.text:decompress:ZI</name>
         <load_address>0x2c24</load_address>
         <run_address>0x2c24</run_address>
         <size>0xc</size>
         <input_file_ref idref="fl-c8"/>
      </object_component>
      <object_component id="oc-59">
         <name>.text</name>
         <load_address>0x2c30</load_address>
         <run_address>0x2c30</run_address>
         <size>0x4</size>
         <input_file_ref idref="fl-cf"/>
      </object_component>
      <object_component id="oc-53">
         <name>.text</name>
         <load_address>0x2c34</load_address>
         <run_address>0x2c34</run_address>
         <size>0x2</size>
         <input_file_ref idref="fl-ce"/>
      </object_component>
      <object_component id="oc-ba">
         <name>.text</name>
         <load_address>0x2c36</load_address>
         <run_address>0x2c36</run_address>
         <size>0x2</size>
         <input_file_ref idref="fl-d7"/>
      </object_component>
      <object_component id="oc-19a">
         <name>.const:.string:$P$T6$7</name>
         <load_address>0x2c38</load_address>
         <run_address>0x2c38</run_address>
         <size>0x21</size>
         <input_file_ref idref="fl-3"/>
      </object_component>
      <object_component id="oc-197">
         <name>.const:.string:$P$T5$6</name>
         <load_address>0x2c59</load_address>
         <run_address>0x2c59</run_address>
         <size>0x20</size>
         <input_file_ref idref="fl-3"/>
      </object_component>
      <object_component id="oc-19d">
         <name>.const:.string:$P$T7$8</name>
         <load_address>0x2c79</load_address>
         <run_address>0x2c79</run_address>
         <size>0x20</size>
         <input_file_ref idref="fl-3"/>
      </object_component>
      <object_component id="oc-191">
         <name>.const:.string:$P$T3$4</name>
         <load_address>0x2c99</load_address>
         <run_address>0x2c99</run_address>
         <size>0x1d</size>
         <input_file_ref idref="fl-3"/>
      </object_component>
      <object_component id="oc-18e">
         <name>.const:.string:$P$T2$3</name>
         <load_address>0x2cb6</load_address>
         <run_address>0x2cb6</run_address>
         <size>0x19</size>
         <input_file_ref idref="fl-3"/>
      </object_component>
      <object_component id="oc-188">
         <name>.const:.string:$P$T0$1</name>
         <load_address>0x2ccf</load_address>
         <run_address>0x2ccf</run_address>
         <size>0x18</size>
         <input_file_ref idref="fl-3"/>
      </object_component>
      <object_component id="oc-194">
         <name>.const:.string:$P$T4$5</name>
         <load_address>0x2ce7</load_address>
         <run_address>0x2ce7</run_address>
         <size>0x16</size>
         <input_file_ref idref="fl-3"/>
      </object_component>
      <object_component id="oc-111">
         <name>.const:.string:W_phrase</name>
         <load_address>0x2cfd</load_address>
         <run_address>0x2cfd</run_address>
         <size>0x11</size>
         <input_file_ref idref="fl-7"/>
      </object_component>
      <object_component id="oc-18b">
         <name>.const:.string:$P$T1$2</name>
         <load_address>0x2d0e</load_address>
         <run_address>0x2d0e</run_address>
         <size>0xf</size>
         <input_file_ref idref="fl-3"/>
      </object_component>
      <object_component id="oc-10e">
         <name>.const:.string:B_phrase</name>
         <load_address>0x2d1d</load_address>
         <run_address>0x2d1d</run_address>
         <size>0xd</size>
         <input_file_ref idref="fl-7"/>
      </object_component>
      <object_component id="oc-10b">
         <name>.const:.string:G_phrase</name>
         <load_address>0x2d2a</load_address>
         <run_address>0x2d2a</run_address>
         <size>0xc</size>
         <input_file_ref idref="fl-7"/>
      </object_component>
      <object_component id="oc-1ec">
         <name>.cinit..data.load</name>
         <load_address>0x2d38</load_address>
         <run_address>0x2d38</run_address>
         <size>0x21</size>
      </object_component>
      <object_component id="oc-1ea">
         <name>__TI_handler_table</name>
         <load_address>0x2d5c</load_address>
         <run_address>0x2d5c</run_address>
         <size>0xc</size>
      </object_component>
      <object_component id="oc-1ed">
         <name>.cinit..bss.load</name>
         <load_address>0x2d68</load_address>
         <run_address>0x2d68</run_address>
         <size>0x8</size>
      </object_component>
      <object_component id="oc-1eb">
         <name>__TI_cinit_table</name>
         <load_address>0x2d70</load_address>
         <run_address>0x2d70</run_address>
         <size>0x10</size>
      </object_component>
      <object_component id="oc-1c7">
         <name>.binit</name>
         <load_address>0x0</load_address>
         <run_address>0x0</run_address>
         <size>0x0</size>
      </object_component>
      <object_component id="oc-dc">
         <name>.data</name>
         <load_address>0x2000005c</load_address>
         <run_address>0x2000005c</run_address>
         <size>0x27</size>
         <input_file_ref idref="fl-6"/>
      </object_component>
      <object_component id="oc-14f">
         <name>.data</name>
         <load_address>0x2000009c</load_address>
         <run_address>0x2000009c</run_address>
         <size>0x4</size>
         <input_file_ref idref="fl-a"/>
      </object_component>
      <object_component id="oc-ca">
         <name>.data:$O1$$</name>
         <load_address>0x20000084</load_address>
         <run_address>0x20000084</run_address>
         <size>0xc</size>
         <input_file_ref idref="fl-c9"/>
      </object_component>
      <object_component id="oc-71">
         <name>.data</name>
         <load_address>0x20000098</load_address>
         <run_address>0x20000098</run_address>
         <size>0x4</size>
         <input_file_ref idref="fl-d0"/>
      </object_component>
      <object_component id="oc-cd">
         <name>.data:$O1$$</name>
         <load_address>0x20000090</load_address>
         <run_address>0x20000090</run_address>
         <size>0x8</size>
         <input_file_ref idref="fl-d3"/>
      </object_component>
      <object_component id="oc-186">
         <name>.common:cp</name>
         <uninitialized>true</uninitialized>
         <run_address>0x20000034</run_address>
         <size>0xc</size>
      </object_component>
      <object_component id="oc-eb">
         <name>.common:FP_state</name>
         <uninitialized>true</uninitialized>
         <run_address>0x20000058</run_address>
         <size>0x1</size>
      </object_component>
      <object_component id="oc-ef">
         <name>.common:data_databuf</name>
         <uninitialized>true</uninitialized>
         <run_address>0x20000000</run_address>
         <size>0x20</size>
      </object_component>
      <object_component id="oc-ee">
         <name>.common:rsp_databuf</name>
         <uninitialized>true</uninitialized>
         <run_address>0x20000040</run_address>
         <size>0xc</size>
      </object_component>
      <object_component id="oc-187">
         <name>.common:rp</name>
         <uninitialized>true</uninitialized>
         <run_address>0x20000020</run_address>
         <size>0x14</size>
      </object_component>
      <object_component id="oc-108">
         <name>.common:currentTime</name>
         <uninitialized>true</uninitialized>
         <run_address>0x2000004c</run_address>
         <size>0x8</size>
      </object_component>
      <object_component id="oc-109">
         <name>.common:RTC_str</name>
         <uninitialized>true</uninitialized>
         <run_address>0x20000054</run_address>
         <size>0x4</size>
      </object_component>
      <object_component id="oc-2f">
         <name>.stack</name>
         <uninitialized>true</uninitialized>
         <run_address>0x2000fe00</run_address>
         <size>0x0</size>
         <input_file_ref idref="fl-c5"/>
      </object_component>
      <object_component id="oc-1ee">
         <name>.stack</name>
         <uninitialized>true</uninitialized>
         <run_address>0x2000fe00</run_address>
         <size>0x0</size>
      </object_component>
      <object_component id="oc-155">
         <name>.debug_info</name>
         <load_address>0x0</load_address>
         <run_address>0x0</run_address>
         <size>0x596</size>
         <input_file_ref idref="fl-2"/>
      </object_component>
      <object_component id="oc-88">
         <name>.debug_info</name>
         <load_address>0x596</load_address>
         <run_address>0x596</run_address>
         <size>0x336</size>
         <input_file_ref idref="fl-2"/>
      </object_component>
      <object_component id="oc-169">
         <name>.debug_info</name>
         <load_address>0x8cc</load_address>
         <run_address>0x8cc</run_address>
         <size>0x1055</size>
         <input_file_ref idref="fl-2"/>
      </object_component>
      <object_component id="oc-e0">
         <name>.debug_info</name>
         <load_address>0x1921</load_address>
         <run_address>0x1921</run_address>
         <size>0x37cd</size>
         <input_file_ref idref="fl-2"/>
      </object_component>
      <object_component id="oc-36">
         <name>.debug_info</name>
         <load_address>0x50ee</load_address>
         <run_address>0x50ee</run_address>
         <size>0x84</size>
         <input_file_ref idref="fl-2"/>
      </object_component>
      <object_component id="oc-f3">
         <name>.debug_info</name>
         <load_address>0x5172</load_address>
         <run_address>0x5172</run_address>
         <size>0x18b</size>
         <input_file_ref idref="fl-2"/>
      </object_component>
      <object_component id="oc-1a1">
         <name>.debug_info</name>
         <load_address>0x52fd</load_address>
         <run_address>0x52fd</run_address>
         <size>0x7f9</size>
         <input_file_ref idref="fl-3"/>
      </object_component>
      <object_component id="oc-189">
         <name>.debug_info</name>
         <load_address>0x5af6</load_address>
         <run_address>0x5af6</run_address>
         <size>0xcb</size>
         <input_file_ref idref="fl-3"/>
      </object_component>
      <object_component id="oc-18c">
         <name>.debug_info</name>
         <load_address>0x5bc1</load_address>
         <run_address>0x5bc1</run_address>
         <size>0xcb</size>
         <input_file_ref idref="fl-3"/>
      </object_component>
      <object_component id="oc-18f">
         <name>.debug_info</name>
         <load_address>0x5c8c</load_address>
         <run_address>0x5c8c</run_address>
         <size>0xcb</size>
         <input_file_ref idref="fl-3"/>
      </object_component>
      <object_component id="oc-192">
         <name>.debug_info</name>
         <load_address>0x5d57</load_address>
         <run_address>0x5d57</run_address>
         <size>0xcb</size>
         <input_file_ref idref="fl-3"/>
      </object_component>
      <object_component id="oc-195">
         <name>.debug_info</name>
         <load_address>0x5e22</load_address>
         <run_address>0x5e22</run_address>
         <size>0xcb</size>
         <input_file_ref idref="fl-3"/>
      </object_component>
      <object_component id="oc-198">
         <name>.debug_info</name>
         <load_address>0x5eed</load_address>
         <run_address>0x5eed</run_address>
         <size>0xcb</size>
         <input_file_ref idref="fl-3"/>
      </object_component>
      <object_component id="oc-19b">
         <name>.debug_info</name>
         <load_address>0x5fb8</load_address>
         <run_address>0x5fb8</run_address>
         <size>0xcb</size>
         <input_file_ref idref="fl-3"/>
      </object_component>
      <object_component id="oc-19e">
         <name>.debug_info</name>
         <load_address>0x6083</load_address>
         <run_address>0x6083</run_address>
         <size>0xcb</size>
         <input_file_ref idref="fl-3"/>
      </object_component>
      <object_component id="oc-12e">
         <name>.debug_info</name>
         <load_address>0x614e</load_address>
         <run_address>0x614e</run_address>
         <size>0x1669</size>
         <input_file_ref idref="fl-3"/>
      </object_component>
      <object_component id="oc-15f">
         <name>.debug_info</name>
         <load_address>0x77b7</load_address>
         <run_address>0x77b7</run_address>
         <size>0x2aa</size>
         <input_file_ref idref="fl-3"/>
      </object_component>
      <object_component id="oc-1c0">
         <name>.debug_info</name>
         <load_address>0x7a61</load_address>
         <run_address>0x7a61</run_address>
         <size>0x37cd</size>
         <input_file_ref idref="fl-3"/>
      </object_component>
      <object_component id="oc-ab">
         <name>.debug_info</name>
         <load_address>0xb22e</load_address>
         <run_address>0xb22e</run_address>
         <size>0x2c</size>
         <input_file_ref idref="fl-3"/>
      </object_component>
      <object_component id="oc-8e">
         <name>.debug_info</name>
         <load_address>0xb25a</load_address>
         <run_address>0xb25a</run_address>
         <size>0x473</size>
         <input_file_ref idref="fl-4"/>
      </object_component>
      <object_component id="oc-164">
         <name>.debug_info</name>
         <load_address>0xb6cd</load_address>
         <run_address>0xb6cd</run_address>
         <size>0xc2</size>
         <input_file_ref idref="fl-4"/>
      </object_component>
      <object_component id="oc-f1">
         <name>.debug_info</name>
         <load_address>0xb78f</load_address>
         <run_address>0xb78f</run_address>
         <size>0x64b</size>
         <input_file_ref idref="fl-5"/>
      </object_component>
      <object_component id="oc-82">
         <name>.debug_info</name>
         <load_address>0xbdda</load_address>
         <run_address>0xbdda</run_address>
         <size>0x7dc</size>
         <input_file_ref idref="fl-5"/>
      </object_component>
      <object_component id="oc-ec">
         <name>.debug_info</name>
         <load_address>0xc5b6</load_address>
         <run_address>0xc5b6</run_address>
         <size>0xaea</size>
         <input_file_ref idref="fl-6"/>
      </object_component>
      <object_component id="oc-dd">
         <name>.debug_info</name>
         <load_address>0xd0a0</load_address>
         <run_address>0xd0a0</run_address>
         <size>0x3ab</size>
         <input_file_ref idref="fl-6"/>
      </object_component>
      <object_component id="oc-c3">
         <name>.debug_info</name>
         <load_address>0xd44b</load_address>
         <run_address>0xd44b</run_address>
         <size>0x6a5</size>
         <input_file_ref idref="fl-6"/>
      </object_component>
      <object_component id="oc-15a">
         <name>.debug_info</name>
         <load_address>0xdaf0</load_address>
         <run_address>0xdaf0</run_address>
         <size>0x5a</size>
         <input_file_ref idref="fl-6"/>
      </object_component>
      <object_component id="oc-115">
         <name>.debug_info</name>
         <load_address>0xdb4a</load_address>
         <run_address>0xdb4a</run_address>
         <size>0x82</size>
         <input_file_ref idref="fl-6"/>
      </object_component>
      <object_component id="oc-175">
         <name>.debug_info</name>
         <load_address>0xdbcc</load_address>
         <run_address>0xdbcc</run_address>
         <size>0x675</size>
         <input_file_ref idref="fl-7"/>
      </object_component>
      <object_component id="oc-10c">
         <name>.debug_info</name>
         <load_address>0xe241</load_address>
         <run_address>0xe241</run_address>
         <size>0xce</size>
         <input_file_ref idref="fl-7"/>
      </object_component>
      <object_component id="oc-10f">
         <name>.debug_info</name>
         <load_address>0xe30f</load_address>
         <run_address>0xe30f</run_address>
         <size>0xce</size>
         <input_file_ref idref="fl-7"/>
      </object_component>
      <object_component id="oc-112">
         <name>.debug_info</name>
         <load_address>0xe3dd</load_address>
         <run_address>0xe3dd</run_address>
         <size>0xce</size>
         <input_file_ref idref="fl-7"/>
      </object_component>
      <object_component id="oc-94">
         <name>.debug_info</name>
         <load_address>0xe4ab</load_address>
         <run_address>0xe4ab</run_address>
         <size>0x773</size>
         <input_file_ref idref="fl-7"/>
      </object_component>
      <object_component id="oc-9b">
         <name>.debug_info</name>
         <load_address>0xec1e</load_address>
         <run_address>0xec1e</run_address>
         <size>0x2b3</size>
         <input_file_ref idref="fl-8"/>
      </object_component>
      <object_component id="oc-2d">
         <name>.debug_info</name>
         <load_address>0xeed1</load_address>
         <run_address>0xeed1</run_address>
         <size>0xf1</size>
         <input_file_ref idref="fl-8"/>
      </object_component>
      <object_component id="oc-76">
         <name>.debug_info</name>
         <load_address>0xefc2</load_address>
         <run_address>0xefc2</run_address>
         <size>0x1b8</size>
         <input_file_ref idref="fl-8"/>
      </object_component>
      <object_component id="oc-134">
         <name>.debug_info</name>
         <load_address>0xf17a</load_address>
         <run_address>0xf17a</run_address>
         <size>0x163</size>
         <input_file_ref idref="fl-9"/>
      </object_component>
      <object_component id="oc-150">
         <name>.debug_info</name>
         <load_address>0xf2dd</load_address>
         <run_address>0xf2dd</run_address>
         <size>0xea</size>
         <input_file_ref idref="fl-a"/>
      </object_component>
      <object_component id="oc-d6">
         <name>.debug_info</name>
         <load_address>0xf3c7</load_address>
         <run_address>0xf3c7</run_address>
         <size>0x25c</size>
         <input_file_ref idref="fl-a"/>
      </object_component>
      <object_component id="oc-7c">
         <name>.debug_info</name>
         <load_address>0xf623</load_address>
         <run_address>0xf623</run_address>
         <size>0x48c</size>
         <input_file_ref idref="fl-b"/>
      </object_component>
      <object_component id="oc-27">
         <name>.debug_info</name>
         <load_address>0xfaaf</load_address>
         <run_address>0xfaaf</run_address>
         <size>0x160</size>
         <input_file_ref idref="fl-c5"/>
      </object_component>
      <object_component id="oc-a1">
         <name>.debug_info</name>
         <load_address>0xfc0f</load_address>
         <run_address>0xfc0f</run_address>
         <size>0x293</size>
         <input_file_ref idref="fl-c6"/>
      </object_component>
      <object_component id="oc-15">
         <name>.debug_info</name>
         <load_address>0xfea2</load_address>
         <run_address>0xfea2</run_address>
         <size>0x245</size>
         <input_file_ref idref="fl-c6"/>
      </object_component>
      <object_component id="oc-31">
         <name>.debug_info</name>
         <load_address>0x100e7</load_address>
         <run_address>0x100e7</run_address>
         <size>0x60</size>
         <input_file_ref idref="fl-c6"/>
      </object_component>
      <object_component id="oc-9c">
         <name>.debug_info</name>
         <load_address>0x10147</load_address>
         <run_address>0x10147</run_address>
         <size>0x46</size>
         <input_file_ref idref="fl-c6"/>
      </object_component>
      <object_component id="oc-46">
         <name>.debug_info</name>
         <load_address>0x1018d</load_address>
         <run_address>0x1018d</run_address>
         <size>0x2da</size>
         <input_file_ref idref="fl-c7"/>
      </object_component>
      <object_component id="oc-1b">
         <name>.debug_info</name>
         <load_address>0x10467</load_address>
         <run_address>0x10467</run_address>
         <size>0x1df</size>
         <input_file_ref idref="fl-c7"/>
      </object_component>
      <object_component id="oc-41">
         <name>.debug_info</name>
         <load_address>0x10646</load_address>
         <run_address>0x10646</run_address>
         <size>0x46</size>
         <input_file_ref idref="fl-c7"/>
      </object_component>
      <object_component id="oc-a3">
         <name>.debug_info</name>
         <load_address>0x1068c</load_address>
         <run_address>0x1068c</run_address>
         <size>0x2c</size>
         <input_file_ref idref="fl-c7"/>
      </object_component>
      <object_component id="oc-52">
         <name>.debug_info</name>
         <load_address>0x106b8</load_address>
         <run_address>0x106b8</run_address>
         <size>0x2c9</size>
         <input_file_ref idref="fl-c8"/>
      </object_component>
      <object_component id="oc-23">
         <name>.debug_info</name>
         <load_address>0x10981</load_address>
         <run_address>0x10981</run_address>
         <size>0x1aa</size>
         <input_file_ref idref="fl-c8"/>
      </object_component>
      <object_component id="oc-4d">
         <name>.debug_info</name>
         <load_address>0x10b2b</load_address>
         <run_address>0x10b2b</run_address>
         <size>0x46</size>
         <input_file_ref idref="fl-c8"/>
      </object_component>
      <object_component id="oc-d1">
         <name>.debug_info</name>
         <load_address>0x10b71</load_address>
         <run_address>0x10b71</run_address>
         <size>0x3ce</size>
         <input_file_ref idref="fl-c9"/>
      </object_component>
      <object_component id="oc-cb">
         <name>.debug_info</name>
         <load_address>0x10f3f</load_address>
         <run_address>0x10f3f</run_address>
         <size>0x185</size>
         <input_file_ref idref="fl-c9"/>
      </object_component>
      <object_component id="oc-6c">
         <name>.debug_info</name>
         <load_address>0x110c4</load_address>
         <run_address>0x110c4</run_address>
         <size>0x214</size>
         <input_file_ref idref="fl-c9"/>
      </object_component>
      <object_component id="oc-103">
         <name>.debug_info</name>
         <load_address>0x112d8</load_address>
         <run_address>0x112d8</run_address>
         <size>0x120</size>
         <input_file_ref idref="fl-ca"/>
      </object_component>
      <object_component id="oc-fe">
         <name>.debug_info</name>
         <load_address>0x113f8</load_address>
         <run_address>0x113f8</run_address>
         <size>0x132</size>
         <input_file_ref idref="fl-cb"/>
      </object_component>
      <object_component id="oc-3d">
         <name>.debug_info</name>
         <load_address>0x1152a</load_address>
         <run_address>0x1152a</run_address>
         <size>0x111</size>
         <input_file_ref idref="fl-cc"/>
      </object_component>
      <object_component id="oc-48">
         <name>.debug_info</name>
         <load_address>0x1163b</load_address>
         <run_address>0x1163b</run_address>
         <size>0x13f</size>
         <input_file_ref idref="fl-cd"/>
      </object_component>
      <object_component id="oc-54">
         <name>.debug_info</name>
         <load_address>0x1177a</load_address>
         <run_address>0x1177a</run_address>
         <size>0x138</size>
         <input_file_ref idref="fl-ce"/>
      </object_component>
      <object_component id="oc-5a">
         <name>.debug_info</name>
         <load_address>0x118b2</load_address>
         <run_address>0x118b2</run_address>
         <size>0x148</size>
         <input_file_ref idref="fl-cf"/>
      </object_component>
      <object_component id="oc-72">
         <name>.debug_info</name>
         <load_address>0x119fa</load_address>
         <run_address>0x119fa</run_address>
         <size>0x109</size>
         <input_file_ref idref="fl-d0"/>
      </object_component>
      <object_component id="oc-157">
         <name>.debug_info</name>
         <load_address>0x11b03</load_address>
         <run_address>0x11b03</run_address>
         <size>0x284</size>
         <input_file_ref idref="fl-d1"/>
      </object_component>
      <object_component id="oc-e6">
         <name>.debug_info</name>
         <load_address>0x11d87</load_address>
         <run_address>0x11d87</run_address>
         <size>0x22a</size>
         <input_file_ref idref="fl-d1"/>
      </object_component>
      <object_component id="oc-f9">
         <name>.debug_info</name>
         <load_address>0x11fb1</load_address>
         <run_address>0x11fb1</run_address>
         <size>0x126</size>
         <input_file_ref idref="fl-d2"/>
      </object_component>
      <object_component id="oc-14b">
         <name>.debug_info</name>
         <load_address>0x120d7</load_address>
         <run_address>0x120d7</run_address>
         <size>0x2be</size>
         <input_file_ref idref="fl-d3"/>
      </object_component>
      <object_component id="oc-ce">
         <name>.debug_info</name>
         <load_address>0x12395</load_address>
         <run_address>0x12395</run_address>
         <size>0x113</size>
         <input_file_ref idref="fl-d3"/>
      </object_component>
      <object_component id="oc-145">
         <name>.debug_info</name>
         <load_address>0x124a8</load_address>
         <run_address>0x124a8</run_address>
         <size>0x21f</size>
         <input_file_ref idref="fl-d3"/>
      </object_component>
      <object_component id="oc-c9">
         <name>.debug_info</name>
         <load_address>0x126c7</load_address>
         <run_address>0x126c7</run_address>
         <size>0x300</size>
         <input_file_ref idref="fl-d4"/>
      </object_component>
      <object_component id="oc-66">
         <name>.debug_info</name>
         <load_address>0x129c7</load_address>
         <run_address>0x129c7</run_address>
         <size>0x167</size>
         <input_file_ref idref="fl-d4"/>
      </object_component>
      <object_component id="oc-13c">
         <name>.debug_info</name>
         <load_address>0x12b2e</load_address>
         <run_address>0x12b2e</run_address>
         <size>0x5e</size>
         <input_file_ref idref="fl-d4"/>
      </object_component>
      <object_component id="oc-c1">
         <name>.debug_info</name>
         <load_address>0x12b8c</load_address>
         <run_address>0x12b8c</run_address>
         <size>0x483</size>
         <input_file_ref idref="fl-d5"/>
      </object_component>
      <object_component id="oc-60">
         <name>.debug_info</name>
         <load_address>0x1300f</load_address>
         <run_address>0x1300f</run_address>
         <size>0x190</size>
         <input_file_ref idref="fl-d5"/>
      </object_component>
      <object_component id="oc-123">
         <name>.debug_info</name>
         <load_address>0x1319f</load_address>
         <run_address>0x1319f</run_address>
         <size>0x39</size>
         <input_file_ref idref="fl-d5"/>
      </object_component>
      <object_component id="oc-181">
         <name>.debug_info</name>
         <load_address>0x131d8</load_address>
         <run_address>0x131d8</run_address>
         <size>0x39</size>
         <input_file_ref idref="fl-d5"/>
      </object_component>
      <object_component id="oc-128">
         <name>.debug_info</name>
         <load_address>0x13211</load_address>
         <run_address>0x13211</run_address>
         <size>0xcd</size>
         <input_file_ref idref="fl-d5"/>
      </object_component>
      <object_component id="oc-11f">
         <name>.debug_info</name>
         <load_address>0x132de</load_address>
         <run_address>0x132de</run_address>
         <size>0x37a</size>
         <input_file_ref idref="fl-d6"/>
      </object_component>
      <object_component id="oc-b5">
         <name>.debug_info</name>
         <load_address>0x13658</load_address>
         <run_address>0x13658</run_address>
         <size>0x183</size>
         <input_file_ref idref="fl-d6"/>
      </object_component>
      <object_component id="oc-17c">
         <name>.debug_info</name>
         <load_address>0x137db</load_address>
         <run_address>0x137db</run_address>
         <size>0x2c</size>
         <input_file_ref idref="fl-d6"/>
      </object_component>
      <object_component id="oc-bb">
         <name>.debug_info</name>
         <load_address>0x13807</load_address>
         <run_address>0x13807</run_address>
         <size>0x145</size>
         <input_file_ref idref="fl-d7"/>
      </object_component>
      <object_component id="oc-1ef">
         <name>.debug_info</name>
         <load_address>0x1394c</load_address>
         <run_address>0x1394c</run_address>
         <size>0xa0</size>
      </object_component>
      <object_component id="oc-1a9">
         <name>.debug_line</name>
         <load_address>0x0</load_address>
         <run_address>0x0</run_address>
         <size>0x2c</size>
         <input_file_ref idref="fl-2"/>
      </object_component>
      <object_component id="oc-8b">
         <name>.debug_line</name>
         <load_address>0x2c</load_address>
         <run_address>0x2c</run_address>
         <size>0x131</size>
         <input_file_ref idref="fl-2"/>
      </object_component>
      <object_component id="oc-16c">
         <name>.debug_line</name>
         <load_address>0x15d</load_address>
         <run_address>0x15d</run_address>
         <size>0x60</size>
         <input_file_ref idref="fl-2"/>
      </object_component>
      <object_component id="oc-e3">
         <name>.debug_line</name>
         <load_address>0x1bd</load_address>
         <run_address>0x1bd</run_address>
         <size>0x5d</size>
         <input_file_ref idref="fl-2"/>
      </object_component>
      <object_component id="oc-39">
         <name>.debug_line</name>
         <load_address>0x21a</load_address>
         <run_address>0x21a</run_address>
         <size>0x20</size>
         <input_file_ref idref="fl-2"/>
      </object_component>
      <object_component id="oc-f6">
         <name>.debug_line</name>
         <load_address>0x23a</load_address>
         <run_address>0x23a</run_address>
         <size>0x70</size>
         <input_file_ref idref="fl-2"/>
      </object_component>
      <object_component id="oc-1bf">
         <name>.debug_line</name>
         <load_address>0x2aa</load_address>
         <run_address>0x2aa</run_address>
         <size>0x89</size>
         <input_file_ref idref="fl-3"/>
      </object_component>
      <object_component id="oc-1af">
         <name>.debug_line</name>
         <load_address>0x333</load_address>
         <run_address>0x333</run_address>
         <size>0x2c</size>
         <input_file_ref idref="fl-3"/>
      </object_component>
      <object_component id="oc-1b1">
         <name>.debug_line</name>
         <load_address>0x35f</load_address>
         <run_address>0x35f</run_address>
         <size>0x2c</size>
         <input_file_ref idref="fl-3"/>
      </object_component>
      <object_component id="oc-1b3">
         <name>.debug_line</name>
         <load_address>0x38b</load_address>
         <run_address>0x38b</run_address>
         <size>0x2c</size>
         <input_file_ref idref="fl-3"/>
      </object_component>
      <object_component id="oc-1b5">
         <name>.debug_line</name>
         <load_address>0x3b7</load_address>
         <run_address>0x3b7</run_address>
         <size>0x2c</size>
         <input_file_ref idref="fl-3"/>
      </object_component>
      <object_component id="oc-1b7">
         <name>.debug_line</name>
         <load_address>0x3e3</load_address>
         <run_address>0x3e3</run_address>
         <size>0x2c</size>
         <input_file_ref idref="fl-3"/>
      </object_component>
      <object_component id="oc-1b9">
         <name>.debug_line</name>
         <load_address>0x40f</load_address>
         <run_address>0x40f</run_address>
         <size>0x2c</size>
         <input_file_ref idref="fl-3"/>
      </object_component>
      <object_component id="oc-1bb">
         <name>.debug_line</name>
         <load_address>0x43b</load_address>
         <run_address>0x43b</run_address>
         <size>0x2c</size>
         <input_file_ref idref="fl-3"/>
      </object_component>
      <object_component id="oc-1bd">
         <name>.debug_line</name>
         <load_address>0x467</load_address>
         <run_address>0x467</run_address>
         <size>0x2c</size>
         <input_file_ref idref="fl-3"/>
      </object_component>
      <object_component id="oc-131">
         <name>.debug_line</name>
         <load_address>0x493</load_address>
         <run_address>0x493</run_address>
         <size>0x599</size>
         <input_file_ref idref="fl-3"/>
      </object_component>
      <object_component id="oc-162">
         <name>.debug_line</name>
         <load_address>0xa2c</load_address>
         <run_address>0xa2c</run_address>
         <size>0x2c</size>
         <input_file_ref idref="fl-3"/>
      </object_component>
      <object_component id="oc-1c3">
         <name>.debug_line</name>
         <load_address>0xa58</load_address>
         <run_address>0xa58</run_address>
         <size>0x5d</size>
         <input_file_ref idref="fl-3"/>
      </object_component>
      <object_component id="oc-ae">
         <name>.debug_line</name>
         <load_address>0xab5</load_address>
         <run_address>0xab5</run_address>
         <size>0x70</size>
         <input_file_ref idref="fl-3"/>
      </object_component>
      <object_component id="oc-91">
         <name>.debug_line</name>
         <load_address>0xb25</load_address>
         <run_address>0xb25</run_address>
         <size>0x11e</size>
         <input_file_ref idref="fl-4"/>
      </object_component>
      <object_component id="oc-167">
         <name>.debug_line</name>
         <load_address>0xc43</load_address>
         <run_address>0xc43</run_address>
         <size>0x2c</size>
         <input_file_ref idref="fl-4"/>
      </object_component>
      <object_component id="oc-16f">
         <name>.debug_line</name>
         <load_address>0xc6f</load_address>
         <run_address>0xc6f</run_address>
         <size>0x7d</size>
         <input_file_ref idref="fl-5"/>
      </object_component>
      <object_component id="oc-85">
         <name>.debug_line</name>
         <load_address>0xcec</load_address>
         <run_address>0xcec</run_address>
         <size>0x28a</size>
         <input_file_ref idref="fl-5"/>
      </object_component>
      <object_component id="oc-159">
         <name>.debug_line</name>
         <load_address>0xf76</load_address>
         <run_address>0xf76</run_address>
         <size>0xdf</size>
         <input_file_ref idref="fl-6"/>
      </object_component>
      <object_component id="oc-154">
         <name>.debug_line</name>
         <load_address>0x1055</load_address>
         <run_address>0x1055</run_address>
         <size>0x34</size>
         <input_file_ref idref="fl-6"/>
      </object_component>
      <object_component id="oc-c6">
         <name>.debug_line</name>
         <load_address>0x1089</load_address>
         <run_address>0x1089</run_address>
         <size>0x23d</size>
         <input_file_ref idref="fl-6"/>
      </object_component>
      <object_component id="oc-15d">
         <name>.debug_line</name>
         <load_address>0x12c6</load_address>
         <run_address>0x12c6</run_address>
         <size>0x2e</size>
         <input_file_ref idref="fl-6"/>
      </object_component>
      <object_component id="oc-118">
         <name>.debug_line</name>
         <load_address>0x12f4</load_address>
         <run_address>0x12f4</run_address>
         <size>0x2d</size>
         <input_file_ref idref="fl-6"/>
      </object_component>
      <object_component id="oc-1ad">
         <name>.debug_line</name>
         <load_address>0x1321</load_address>
         <run_address>0x1321</run_address>
         <size>0x46</size>
         <input_file_ref idref="fl-7"/>
      </object_component>
      <object_component id="oc-174">
         <name>.debug_line</name>
         <load_address>0x1367</load_address>
         <run_address>0x1367</run_address>
         <size>0x2d</size>
         <input_file_ref idref="fl-7"/>
      </object_component>
      <object_component id="oc-177">
         <name>.debug_line</name>
         <load_address>0x1394</load_address>
         <run_address>0x1394</run_address>
         <size>0x2d</size>
         <input_file_ref idref="fl-7"/>
      </object_component>
      <object_component id="oc-179">
         <name>.debug_line</name>
         <load_address>0x13c1</load_address>
         <run_address>0x13c1</run_address>
         <size>0x2d</size>
         <input_file_ref idref="fl-7"/>
      </object_component>
      <object_component id="oc-97">
         <name>.debug_line</name>
         <load_address>0x13ee</load_address>
         <run_address>0x13ee</run_address>
         <size>0x339</size>
         <input_file_ref idref="fl-7"/>
      </object_component>
      <object_component id="oc-11b">
         <name>.debug_line</name>
         <load_address>0x1727</load_address>
         <run_address>0x1727</run_address>
         <size>0x40</size>
         <input_file_ref idref="fl-8"/>
      </object_component>
      <object_component id="oc-9a">
         <name>.debug_line</name>
         <load_address>0x1767</load_address>
         <run_address>0x1767</run_address>
         <size>0x40</size>
         <input_file_ref idref="fl-8"/>
      </object_component>
      <object_component id="oc-79">
         <name>.debug_line</name>
         <load_address>0x17a7</load_address>
         <run_address>0x17a7</run_address>
         <size>0x71</size>
         <input_file_ref idref="fl-8"/>
      </object_component>
      <object_component id="oc-137">
         <name>.debug_line</name>
         <load_address>0x1818</load_address>
         <run_address>0x1818</run_address>
         <size>0xc4</size>
         <input_file_ref idref="fl-9"/>
      </object_component>
      <object_component id="oc-1a7">
         <name>.debug_line</name>
         <load_address>0x18dc</load_address>
         <run_address>0x18dc</run_address>
         <size>0x3b</size>
         <input_file_ref idref="fl-a"/>
      </object_component>
      <object_component id="oc-d9">
         <name>.debug_line</name>
         <load_address>0x1917</load_address>
         <run_address>0x1917</run_address>
         <size>0x146</size>
         <input_file_ref idref="fl-a"/>
      </object_component>
      <object_component id="oc-7f">
         <name>.debug_line</name>
         <load_address>0x1a5d</load_address>
         <run_address>0x1a5d</run_address>
         <size>0x1c4</size>
         <input_file_ref idref="fl-b"/>
      </object_component>
      <object_component id="oc-2a">
         <name>.debug_line</name>
         <load_address>0x1c21</load_address>
         <run_address>0x1c21</run_address>
         <size>0x53</size>
         <input_file_ref idref="fl-c5"/>
      </object_component>
      <object_component id="oc-11d">
         <name>.debug_line</name>
         <load_address>0x1c74</load_address>
         <run_address>0x1c74</run_address>
         <size>0x20</size>
         <input_file_ref idref="fl-c6"/>
      </object_component>
      <object_component id="oc-18">
         <name>.debug_line</name>
         <load_address>0x1c94</load_address>
         <run_address>0x1c94</run_address>
         <size>0xa9</size>
         <input_file_ref idref="fl-c6"/>
      </object_component>
      <object_component id="oc-34">
         <name>.debug_line</name>
         <load_address>0x1d3d</load_address>
         <run_address>0x1d3d</run_address>
         <size>0x3a</size>
         <input_file_ref idref="fl-c6"/>
      </object_component>
      <object_component id="oc-9f">
         <name>.debug_line</name>
         <load_address>0x1d77</load_address>
         <run_address>0x1d77</run_address>
         <size>0x8a</size>
         <input_file_ref idref="fl-c6"/>
      </object_component>
      <object_component id="oc-a9">
         <name>.debug_line</name>
         <load_address>0x1e01</load_address>
         <run_address>0x1e01</run_address>
         <size>0x8a</size>
         <input_file_ref idref="fl-c7"/>
      </object_component>
      <object_component id="oc-1e">
         <name>.debug_line</name>
         <load_address>0x1e8b</load_address>
         <run_address>0x1e8b</run_address>
         <size>0x55</size>
         <input_file_ref idref="fl-c7"/>
      </object_component>
      <object_component id="oc-44">
         <name>.debug_line</name>
         <load_address>0x1ee0</load_address>
         <run_address>0x1ee0</run_address>
         <size>0x3a</size>
         <input_file_ref idref="fl-c7"/>
      </object_component>
      <object_component id="oc-a6">
         <name>.debug_line</name>
         <load_address>0x1f1a</load_address>
         <run_address>0x1f1a</run_address>
         <size>0x8a</size>
         <input_file_ref idref="fl-c7"/>
      </object_component>
      <object_component id="oc-b1">
         <name>.debug_line</name>
         <load_address>0x1fa4</load_address>
         <run_address>0x1fa4</run_address>
         <size>0x8a</size>
         <input_file_ref idref="fl-c8"/>
      </object_component>
      <object_component id="oc-25">
         <name>.debug_line</name>
         <load_address>0x202e</load_address>
         <run_address>0x202e</run_address>
         <size>0x4f</size>
         <input_file_ref idref="fl-c8"/>
      </object_component>
      <object_component id="oc-50">
         <name>.debug_line</name>
         <load_address>0x207d</load_address>
         <run_address>0x207d</run_address>
         <size>0x34</size>
         <input_file_ref idref="fl-c8"/>
      </object_component>
      <object_component id="oc-14e">
         <name>.debug_line</name>
         <load_address>0x20b1</load_address>
         <run_address>0x20b1</run_address>
         <size>0xf2</size>
         <input_file_ref idref="fl-c9"/>
      </object_component>
      <object_component id="oc-142">
         <name>.debug_line</name>
         <load_address>0x21a3</load_address>
         <run_address>0x21a3</run_address>
         <size>0x2a</size>
         <input_file_ref idref="fl-c9"/>
      </object_component>
      <object_component id="oc-70">
         <name>.debug_line</name>
         <load_address>0x21cd</load_address>
         <run_address>0x21cd</run_address>
         <size>0x86</size>
         <input_file_ref idref="fl-c9"/>
      </object_component>
      <object_component id="oc-106">
         <name>.debug_line</name>
         <load_address>0x2253</load_address>
         <run_address>0x2253</run_address>
         <size>0x77</size>
         <input_file_ref idref="fl-ca"/>
      </object_component>
      <object_component id="oc-101">
         <name>.debug_line</name>
         <load_address>0x22ca</load_address>
         <run_address>0x22ca</run_address>
         <size>0x8e</size>
         <input_file_ref idref="fl-cb"/>
      </object_component>
      <object_component id="oc-3f">
         <name>.debug_line</name>
         <load_address>0x2358</load_address>
         <run_address>0x2358</run_address>
         <size>0x88</size>
         <input_file_ref idref="fl-cc"/>
      </object_component>
      <object_component id="oc-4b">
         <name>.debug_line</name>
         <load_address>0x23e0</load_address>
         <run_address>0x23e0</run_address>
         <size>0x79</size>
         <input_file_ref idref="fl-cd"/>
      </object_component>
      <object_component id="oc-57">
         <name>.debug_line</name>
         <load_address>0x2459</load_address>
         <run_address>0x2459</run_address>
         <size>0x3d</size>
         <input_file_ref idref="fl-ce"/>
      </object_component>
      <object_component id="oc-5d">
         <name>.debug_line</name>
         <load_address>0x2496</load_address>
         <run_address>0x2496</run_address>
         <size>0x40</size>
         <input_file_ref idref="fl-cf"/>
      </object_component>
      <object_component id="oc-d4">
         <name>.debug_line</name>
         <load_address>0x24d6</load_address>
         <run_address>0x24d6</run_address>
         <size>0x33</size>
         <input_file_ref idref="fl-d0"/>
      </object_component>
      <object_component id="oc-1ab">
         <name>.debug_line</name>
         <load_address>0x2509</load_address>
         <run_address>0x2509</run_address>
         <size>0x20</size>
         <input_file_ref idref="fl-d1"/>
      </object_component>
      <object_component id="oc-e9">
         <name>.debug_line</name>
         <load_address>0x2529</load_address>
         <run_address>0x2529</run_address>
         <size>0xaa</size>
         <input_file_ref idref="fl-d1"/>
      </object_component>
      <object_component id="oc-fc">
         <name>.debug_line</name>
         <load_address>0x25d3</load_address>
         <run_address>0x25d3</run_address>
         <size>0x4c</size>
         <input_file_ref idref="fl-d2"/>
      </object_component>
      <object_component id="oc-1a5">
         <name>.debug_line</name>
         <load_address>0x261f</load_address>
         <run_address>0x261f</run_address>
         <size>0x20</size>
         <input_file_ref idref="fl-d3"/>
      </object_component>
      <object_component id="oc-14a">
         <name>.debug_line</name>
         <load_address>0x263f</load_address>
         <run_address>0x263f</run_address>
         <size>0x2b</size>
         <input_file_ref idref="fl-d3"/>
      </object_component>
      <object_component id="oc-148">
         <name>.debug_line</name>
         <load_address>0x266a</load_address>
         <run_address>0x266a</run_address>
         <size>0x68</size>
         <input_file_ref idref="fl-d3"/>
      </object_component>
      <object_component id="oc-13b">
         <name>.debug_line</name>
         <load_address>0x26d2</load_address>
         <run_address>0x26d2</run_address>
         <size>0x2b</size>
         <input_file_ref idref="fl-d4"/>
      </object_component>
      <object_component id="oc-69">
         <name>.debug_line</name>
         <load_address>0x26fd</load_address>
         <run_address>0x26fd</run_address>
         <size>0x4a</size>
         <input_file_ref idref="fl-d4"/>
      </object_component>
      <object_component id="oc-13f">
         <name>.debug_line</name>
         <load_address>0x2747</load_address>
         <run_address>0x2747</run_address>
         <size>0x2b</size>
         <input_file_ref idref="fl-d4"/>
      </object_component>
      <object_component id="oc-122">
         <name>.debug_line</name>
         <load_address>0x2772</load_address>
         <run_address>0x2772</run_address>
         <size>0xa9</size>
         <input_file_ref idref="fl-d5"/>
      </object_component>
      <object_component id="oc-63">
         <name>.debug_line</name>
         <load_address>0x281b</load_address>
         <run_address>0x281b</run_address>
         <size>0x8b</size>
         <input_file_ref idref="fl-d5"/>
      </object_component>
      <object_component id="oc-126">
         <name>.debug_line</name>
         <load_address>0x28a6</load_address>
         <run_address>0x28a6</run_address>
         <size>0x2e</size>
         <input_file_ref idref="fl-d5"/>
      </object_component>
      <object_component id="oc-184">
         <name>.debug_line</name>
         <load_address>0x28d4</load_address>
         <run_address>0x28d4</run_address>
         <size>0x8a</size>
         <input_file_ref idref="fl-d5"/>
      </object_component>
      <object_component id="oc-12b">
         <name>.debug_line</name>
         <load_address>0x295e</load_address>
         <run_address>0x295e</run_address>
         <size>0x8b</size>
         <input_file_ref idref="fl-d5"/>
      </object_component>
      <object_component id="oc-17b">
         <name>.debug_line</name>
         <load_address>0x29e9</load_address>
         <run_address>0x29e9</run_address>
         <size>0x98</size>
         <input_file_ref idref="fl-d6"/>
      </object_component>
      <object_component id="oc-b8">
         <name>.debug_line</name>
         <load_address>0x2a81</load_address>
         <run_address>0x2a81</run_address>
         <size>0x68</size>
         <input_file_ref idref="fl-d6"/>
      </object_component>
      <object_component id="oc-17f">
         <name>.debug_line</name>
         <load_address>0x2ae9</load_address>
         <run_address>0x2ae9</run_address>
         <size>0x2e</size>
         <input_file_ref idref="fl-d6"/>
      </object_component>
      <object_component id="oc-be">
         <name>.debug_line</name>
         <load_address>0x2b17</load_address>
         <run_address>0x2b17</run_address>
         <size>0x3c</size>
         <input_file_ref idref="fl-d7"/>
      </object_component>
      <object_component id="oc-8c">
         <name>.debug_frame</name>
         <load_address>0x0</load_address>
         <run_address>0x0</run_address>
         <size>0xae</size>
         <input_file_ref idref="fl-2"/>
      </object_component>
      <object_component id="oc-132">
         <name>.debug_frame</name>
         <load_address>0xae</load_address>
         <run_address>0xae</run_address>
         <size>0x2e3</size>
         <input_file_ref idref="fl-3"/>
      </object_component>
      <object_component id="oc-92">
         <name>.debug_frame</name>
         <load_address>0x391</load_address>
         <run_address>0x391</run_address>
         <size>0xba</size>
         <input_file_ref idref="fl-4"/>
      </object_component>
      <object_component id="oc-86">
         <name>.debug_frame</name>
         <load_address>0x44b</load_address>
         <run_address>0x44b</run_address>
         <size>0x18e</size>
         <input_file_ref idref="fl-5"/>
      </object_component>
      <object_component id="oc-c7">
         <name>.debug_frame</name>
         <load_address>0x5d9</load_address>
         <run_address>0x5d9</run_address>
         <size>0x8e</size>
         <input_file_ref idref="fl-6"/>
      </object_component>
      <object_component id="oc-98">
         <name>.debug_frame</name>
         <load_address>0x667</load_address>
         <run_address>0x667</run_address>
         <size>0x127</size>
         <input_file_ref idref="fl-7"/>
      </object_component>
      <object_component id="oc-7a">
         <name>.debug_frame</name>
         <load_address>0x78e</load_address>
         <run_address>0x78e</run_address>
         <size>0x69</size>
         <input_file_ref idref="fl-8"/>
      </object_component>
      <object_component id="oc-138">
         <name>.debug_frame</name>
         <load_address>0x7f7</load_address>
         <run_address>0x7f7</run_address>
         <size>0x69</size>
         <input_file_ref idref="fl-9"/>
      </object_component>
      <object_component id="oc-da">
         <name>.debug_frame</name>
         <load_address>0x860</load_address>
         <run_address>0x860</run_address>
         <size>0x6a</size>
         <input_file_ref idref="fl-a"/>
      </object_component>
      <object_component id="oc-80">
         <name>.debug_frame</name>
         <load_address>0x8ca</load_address>
         <run_address>0x8ca</run_address>
         <size>0x102</size>
         <input_file_ref idref="fl-b"/>
      </object_component>
      <object_component id="oc-19">
         <name>.debug_frame</name>
         <load_address>0x9cc</load_address>
         <run_address>0x9cc</run_address>
         <size>0x60</size>
         <input_file_ref idref="fl-c6"/>
      </object_component>
      <object_component id="oc-1f">
         <name>.debug_frame</name>
         <load_address>0xa2c</load_address>
         <run_address>0xa2c</run_address>
         <size>0x51</size>
         <input_file_ref idref="fl-c7"/>
      </object_component>
      <object_component id="oc-22">
         <name>.debug_frame</name>
         <load_address>0xa7d</load_address>
         <run_address>0xa7d</run_address>
         <size>0x51</size>
         <input_file_ref idref="fl-c8"/>
      </object_component>
      <object_component id="oc-6f">
         <name>.debug_frame</name>
         <load_address>0xace</load_address>
         <run_address>0xace</run_address>
         <size>0x85</size>
         <input_file_ref idref="fl-c9"/>
      </object_component>
      <object_component id="oc-58">
         <name>.debug_frame</name>
         <load_address>0xb53</load_address>
         <run_address>0xb53</run_address>
         <size>0x51</size>
         <input_file_ref idref="fl-ce"/>
      </object_component>
      <object_component id="oc-5e">
         <name>.debug_frame</name>
         <load_address>0xba4</load_address>
         <run_address>0xba4</run_address>
         <size>0x51</size>
         <input_file_ref idref="fl-cf"/>
      </object_component>
      <object_component id="oc-ea">
         <name>.debug_frame</name>
         <load_address>0xbf5</load_address>
         <run_address>0xbf5</run_address>
         <size>0x51</size>
         <input_file_ref idref="fl-d1"/>
      </object_component>
      <object_component id="oc-144">
         <name>.debug_frame</name>
         <load_address>0xc46</load_address>
         <run_address>0xc46</run_address>
         <size>0x73</size>
         <input_file_ref idref="fl-d3"/>
      </object_component>
      <object_component id="oc-6a">
         <name>.debug_frame</name>
         <load_address>0xcb9</load_address>
         <run_address>0xcb9</run_address>
         <size>0x51</size>
         <input_file_ref idref="fl-d4"/>
      </object_component>
      <object_component id="oc-64">
         <name>.debug_frame</name>
         <load_address>0xd0a</load_address>
         <run_address>0xd0a</run_address>
         <size>0x5c</size>
         <input_file_ref idref="fl-d5"/>
      </object_component>
      <object_component id="oc-b9">
         <name>.debug_frame</name>
         <load_address>0xd66</load_address>
         <run_address>0xd66</run_address>
         <size>0x60</size>
         <input_file_ref idref="fl-d6"/>
      </object_component>
      <object_component id="oc-bf">
         <name>.debug_frame</name>
         <load_address>0xdc6</load_address>
         <run_address>0xdc6</run_address>
         <size>0x51</size>
         <input_file_ref idref="fl-d7"/>
      </object_component>
      <object_component id="oc-1a8">
         <name>.debug_abbrev</name>
         <load_address>0x0</load_address>
         <run_address>0x0</run_address>
         <size>0x7e</size>
         <input_file_ref idref="fl-2"/>
      </object_component>
      <object_component id="oc-107">
         <name>.debug_abbrev</name>
         <load_address>0x7e</load_address>
         <run_address>0x7e</run_address>
         <size>0xd4</size>
         <input_file_ref idref="fl-2"/>
      </object_component>
      <object_component id="oc-16b">
         <name>.debug_abbrev</name>
         <load_address>0x152</load_address>
         <run_address>0x152</run_address>
         <size>0x97</size>
         <input_file_ref idref="fl-2"/>
      </object_component>
      <object_component id="oc-e2">
         <name>.debug_abbrev</name>
         <load_address>0x1e9</load_address>
         <run_address>0x1e9</run_address>
         <size>0xbd</size>
         <input_file_ref idref="fl-2"/>
      </object_component>
      <object_component id="oc-38">
         <name>.debug_abbrev</name>
         <load_address>0x2a6</load_address>
         <run_address>0x2a6</run_address>
         <size>0x1f</size>
         <input_file_ref idref="fl-2"/>
      </object_component>
      <object_component id="oc-f5">
         <name>.debug_abbrev</name>
         <load_address>0x2c5</load_address>
         <run_address>0x2c5</run_address>
         <size>0x35</size>
         <input_file_ref idref="fl-2"/>
      </object_component>
      <object_component id="oc-1be">
         <name>.debug_abbrev</name>
         <load_address>0x2fa</load_address>
         <run_address>0x2fa</run_address>
         <size>0xee</size>
         <input_file_ref idref="fl-3"/>
      </object_component>
      <object_component id="oc-1ae">
         <name>.debug_abbrev</name>
         <load_address>0x3e8</load_address>
         <run_address>0x3e8</run_address>
         <size>0x27</size>
         <input_file_ref idref="fl-3"/>
      </object_component>
      <object_component id="oc-1b0">
         <name>.debug_abbrev</name>
         <load_address>0x40f</load_address>
         <run_address>0x40f</run_address>
         <size>0x27</size>
         <input_file_ref idref="fl-3"/>
      </object_component>
      <object_component id="oc-1b2">
         <name>.debug_abbrev</name>
         <load_address>0x436</load_address>
         <run_address>0x436</run_address>
         <size>0x27</size>
         <input_file_ref idref="fl-3"/>
      </object_component>
      <object_component id="oc-1b4">
         <name>.debug_abbrev</name>
         <load_address>0x45d</load_address>
         <run_address>0x45d</run_address>
         <size>0x27</size>
         <input_file_ref idref="fl-3"/>
      </object_component>
      <object_component id="oc-1b6">
         <name>.debug_abbrev</name>
         <load_address>0x484</load_address>
         <run_address>0x484</run_address>
         <size>0x27</size>
         <input_file_ref idref="fl-3"/>
      </object_component>
      <object_component id="oc-1b8">
         <name>.debug_abbrev</name>
         <load_address>0x4ab</load_address>
         <run_address>0x4ab</run_address>
         <size>0x27</size>
         <input_file_ref idref="fl-3"/>
      </object_component>
      <object_component id="oc-1ba">
         <name>.debug_abbrev</name>
         <load_address>0x4d2</load_address>
         <run_address>0x4d2</run_address>
         <size>0x27</size>
         <input_file_ref idref="fl-3"/>
      </object_component>
      <object_component id="oc-1bc">
         <name>.debug_abbrev</name>
         <load_address>0x4f9</load_address>
         <run_address>0x4f9</run_address>
         <size>0x27</size>
         <input_file_ref idref="fl-3"/>
      </object_component>
      <object_component id="oc-1a0">
         <name>.debug_abbrev</name>
         <load_address>0x520</load_address>
         <run_address>0x520</run_address>
         <size>0x132</size>
         <input_file_ref idref="fl-3"/>
      </object_component>
      <object_component id="oc-161">
         <name>.debug_abbrev</name>
         <load_address>0x652</load_address>
         <run_address>0x652</run_address>
         <size>0x8c</size>
         <input_file_ref idref="fl-3"/>
      </object_component>
      <object_component id="oc-1c2">
         <name>.debug_abbrev</name>
         <load_address>0x6de</load_address>
         <run_address>0x6de</run_address>
         <size>0xbd</size>
         <input_file_ref idref="fl-3"/>
      </object_component>
      <object_component id="oc-ad">
         <name>.debug_abbrev</name>
         <load_address>0x79b</load_address>
         <run_address>0x79b</run_address>
         <size>0x24</size>
         <input_file_ref idref="fl-3"/>
      </object_component>
      <object_component id="oc-10a">
         <name>.debug_abbrev</name>
         <load_address>0x7bf</load_address>
         <run_address>0x7bf</run_address>
         <size>0xa5</size>
         <input_file_ref idref="fl-4"/>
      </object_component>
      <object_component id="oc-166">
         <name>.debug_abbrev</name>
         <load_address>0x864</load_address>
         <run_address>0x864</run_address>
         <size>0x49</size>
         <input_file_ref idref="fl-4"/>
      </object_component>
      <object_component id="oc-16e">
         <name>.debug_abbrev</name>
         <load_address>0x8ad</load_address>
         <run_address>0x8ad</run_address>
         <size>0xd7</size>
         <input_file_ref idref="fl-5"/>
      </object_component>
      <object_component id="oc-f0">
         <name>.debug_abbrev</name>
         <load_address>0x984</load_address>
         <run_address>0x984</run_address>
         <size>0xa5</size>
         <input_file_ref idref="fl-5"/>
      </object_component>
      <object_component id="oc-158">
         <name>.debug_abbrev</name>
         <load_address>0xa29</load_address>
         <run_address>0xa29</run_address>
         <size>0x126</size>
         <input_file_ref idref="fl-6"/>
      </object_component>
      <object_component id="oc-153">
         <name>.debug_abbrev</name>
         <load_address>0xb4f</load_address>
         <run_address>0xb4f</run_address>
         <size>0x29</size>
         <input_file_ref idref="fl-6"/>
      </object_component>
      <object_component id="oc-139">
         <name>.debug_abbrev</name>
         <load_address>0xb78</load_address>
         <run_address>0xb78</run_address>
         <size>0xb0</size>
         <input_file_ref idref="fl-6"/>
      </object_component>
      <object_component id="oc-15c">
         <name>.debug_abbrev</name>
         <load_address>0xc28</load_address>
         <run_address>0xc28</run_address>
         <size>0x42</size>
         <input_file_ref idref="fl-6"/>
      </object_component>
      <object_component id="oc-117">
         <name>.debug_abbrev</name>
         <load_address>0xc6a</load_address>
         <run_address>0xc6a</run_address>
         <size>0x44</size>
         <input_file_ref idref="fl-6"/>
      </object_component>
      <object_component id="oc-1ac">
         <name>.debug_abbrev</name>
         <load_address>0xcae</load_address>
         <run_address>0xcae</run_address>
         <size>0xab</size>
         <input_file_ref idref="fl-7"/>
      </object_component>
      <object_component id="oc-173">
         <name>.debug_abbrev</name>
         <load_address>0xd59</load_address>
         <run_address>0xd59</run_address>
         <size>0x29</size>
         <input_file_ref idref="fl-7"/>
      </object_component>
      <object_component id="oc-176">
         <name>.debug_abbrev</name>
         <load_address>0xd82</load_address>
         <run_address>0xd82</run_address>
         <size>0x29</size>
         <input_file_ref idref="fl-7"/>
      </object_component>
      <object_component id="oc-178">
         <name>.debug_abbrev</name>
         <load_address>0xdab</load_address>
         <run_address>0xdab</run_address>
         <size>0x29</size>
         <input_file_ref idref="fl-7"/>
      </object_component>
      <object_component id="oc-114">
         <name>.debug_abbrev</name>
         <load_address>0xdd4</load_address>
         <run_address>0xdd4</run_address>
         <size>0x101</size>
         <input_file_ref idref="fl-7"/>
      </object_component>
      <object_component id="oc-11a">
         <name>.debug_abbrev</name>
         <load_address>0xed5</load_address>
         <run_address>0xed5</run_address>
         <size>0x73</size>
         <input_file_ref idref="fl-8"/>
      </object_component>
      <object_component id="oc-99">
         <name>.debug_abbrev</name>
         <load_address>0xf48</load_address>
         <run_address>0xf48</run_address>
         <size>0x29</size>
         <input_file_ref idref="fl-8"/>
      </object_component>
      <object_component id="oc-db">
         <name>.debug_abbrev</name>
         <load_address>0xf71</load_address>
         <run_address>0xf71</run_address>
         <size>0x89</size>
         <input_file_ref idref="fl-8"/>
      </object_component>
      <object_component id="oc-1a2">
         <name>.debug_abbrev</name>
         <load_address>0xffa</load_address>
         <run_address>0xffa</run_address>
         <size>0x5e</size>
         <input_file_ref idref="fl-9"/>
      </object_component>
      <object_component id="oc-1a6">
         <name>.debug_abbrev</name>
         <load_address>0x1058</load_address>
         <run_address>0x1058</run_address>
         <size>0x29</size>
         <input_file_ref idref="fl-a"/>
      </object_component>
      <object_component id="oc-152">
         <name>.debug_abbrev</name>
         <load_address>0x1081</load_address>
         <run_address>0x1081</run_address>
         <size>0x8b</size>
         <input_file_ref idref="fl-a"/>
      </object_component>
      <object_component id="oc-df">
         <name>.debug_abbrev</name>
         <load_address>0x110c</load_address>
         <run_address>0x110c</run_address>
         <size>0xa5</size>
         <input_file_ref idref="fl-b"/>
      </object_component>
      <object_component id="oc-74">
         <name>.debug_abbrev</name>
         <load_address>0x11b1</load_address>
         <run_address>0x11b1</run_address>
         <size>0x3e</size>
         <input_file_ref idref="fl-c5"/>
      </object_component>
      <object_component id="oc-11c">
         <name>.debug_abbrev</name>
         <load_address>0x11ef</load_address>
         <run_address>0x11ef</run_address>
         <size>0x37</size>
         <input_file_ref idref="fl-c6"/>
      </object_component>
      <object_component id="oc-30">
         <name>.debug_abbrev</name>
         <load_address>0x1226</load_address>
         <run_address>0x1226</run_address>
         <size>0x6f</size>
         <input_file_ref idref="fl-c6"/>
      </object_component>
      <object_component id="oc-33">
         <name>.debug_abbrev</name>
         <load_address>0x1295</load_address>
         <run_address>0x1295</run_address>
         <size>0x24</size>
         <input_file_ref idref="fl-c6"/>
      </object_component>
      <object_component id="oc-9e">
         <name>.debug_abbrev</name>
         <load_address>0x12b9</load_address>
         <run_address>0x12b9</run_address>
         <size>0x35</size>
         <input_file_ref idref="fl-c6"/>
      </object_component>
      <object_component id="oc-a8">
         <name>.debug_abbrev</name>
         <load_address>0x12ee</load_address>
         <run_address>0x12ee</run_address>
         <size>0x5d</size>
         <input_file_ref idref="fl-c7"/>
      </object_component>
      <object_component id="oc-40">
         <name>.debug_abbrev</name>
         <load_address>0x134b</load_address>
         <run_address>0x134b</run_address>
         <size>0x74</size>
         <input_file_ref idref="fl-c7"/>
      </object_component>
      <object_component id="oc-43">
         <name>.debug_abbrev</name>
         <load_address>0x13bf</load_address>
         <run_address>0x13bf</run_address>
         <size>0x24</size>
         <input_file_ref idref="fl-c7"/>
      </object_component>
      <object_component id="oc-a5">
         <name>.debug_abbrev</name>
         <load_address>0x13e3</load_address>
         <run_address>0x13e3</run_address>
[...]
         <name>state</name>
         <value>0x2000005c</value>
         <object_component_ref idref="oc-dc"/>
      </symbol>
      <symbol id="sm-2a7">
         <name>print</name>
         <value>0x20000075</value>
         <object_component_ref idref="oc-dc"/>
      </symbol>
      <symbol id="sm-2a8">
         <name>temp_sec</name>
         <value>0x20000081</value>
         <object_component_ref idref="oc-dc"/>
      </symbol>
      <symbol id="sm-2a9">
         <name>apps</name>
         <value>0x20000071</value>
         <object_component_ref idref="oc-dc"/>
      </symbol>
      <symbol id="sm-2aa">
         <name>main</name>
         <value>0x133d</value>
         <object_component_ref idref="oc-c2"/>
      </symbol>
      <symbol id="sm-2ab">
         <name>CALZ</name>
         <value>0x2000006e</value>
         <object_component_ref idref="oc-dc"/>
      </symbol>
      <symbol id="sm-2ac">
         <name>CALY</name>
         <value>0x2000006c</value>
         <object_component_ref idref="oc-dc"/>
      </symbol>
      <symbol id="sm-2ad">
         <name>CALX</name>
         <value>0x2000006a</value>
         <object_component_ref idref="oc-dc"/>
      </symbol>
      <symbol id="sm-2ae">
         <name>countTime</name>
         <value>0x2000005f</value>
         <object_component_ref idref="oc-dc"/>
      </symbol>
      <symbol id="sm-2af">
         <name>ADCcalib_end</name>
         <value>0x20000082</value>
         <object_component_ref idref="oc-dc"/>
      </symbol>
      <symbol id="sm-2b0">
         <name>fall</name>
         <value>0x20000076</value>
         <object_component_ref idref="oc-dc"/>
      </symbol>
      <symbol id="sm-2b1">
         <name>read</name>
         <value>0x20000080</value>
         <object_component_ref idref="oc-dc"/>
      </symbol>
      <symbol id="sm-2b2">
         <name>timer_exit</name>
         <value>0x20000061</value>
         <object_component_ref idref="oc-dc"/>
      </symbol>
      <symbol id="sm-2b3">
         <name>finger</name>
         <value>0x20000074</value>
         <object_component_ref idref="oc-dc"/>
      </symbol>
      <symbol id="sm-2b4">
         <name>ACCELZ</name>
         <value>0x20000068</value>
         <object_component_ref idref="oc-dc"/>
      </symbol>
      <symbol id="sm-2b5">
         <name>ACCELY</name>
         <value>0x20000066</value>
         <object_component_ref idref="oc-dc"/>
      </symbol>
      <symbol id="sm-2b6">
         <name>ACCELX</name>
         <value>0x20000064</value>
         <object_component_ref idref="oc-dc"/>
      </symbol>
      <symbol id="sm-2b7">
         <name>FPS_byte_count</name>
         <value>0x20000062</value>
         <object_component_ref idref="oc-dc"/>
      </symbol>
      <symbol id="sm-2b8">
         <name>pet</name>
         <value>0x20000070</value>
         <object_component_ref idref="oc-dc"/>
      </symbol>
      <symbol id="sm-2b9">
         <name>lock</name>
         <value>0x20000072</value>
         <object_component_ref idref="oc-dc"/>
      </symbol>
      <symbol id="sm-2ba">
         <name>count_time_fall</name>
         <value>0x20000060</value>
         <object_component_ref idref="oc-dc"/>
      </symbol>
      <symbol id="sm-354">
         <name>GetButtonState</name>
         <value>0xdd7</value>
         <object_component_ref idref="oc-93"/>
      </symbol>
      <symbol id="sm-355">
         <name>PORT4_IRQHandler</name>
         <value>0xfe5</value>
         <object_component_ref idref="oc-93"/>
      </symbol>
      <symbol id="sm-356">
         <name>PORT1_IRQHandler</name>
         <value>0x11d5</value>
         <object_component_ref idref="oc-93"/>
      </symbol>
      <symbol id="sm-357">
         <name>W_phrase</name>
         <value>0x2cfd</value>
         <object_component_ref idref="oc-111"/>
      </symbol>
      <symbol id="sm-358">
         <name>PORT2_IRQHandler</name>
         <value>0xf25</value>
         <object_component_ref idref="oc-93"/>
      </symbol>
      <symbol id="sm-359">
         <name>config_buttons</name>
         <value>0xc89</value>
         <object_component_ref idref="oc-93"/>
      </symbol>
      <symbol id="sm-35a">
         <name>G_phrase</name>
         <value>0x2d2a</value>
         <object_component_ref idref="oc-10b"/>
      </symbol>
      <symbol id="sm-35b">
         <name>PrintReminders</name>
         <value>0xe61</value>
         <object_component_ref idref="oc-93"/>
      </symbol>
      <symbol id="sm-35c">
         <name>GPIO_FPS_config</name>
         <value>0x1149</value>
         <object_component_ref idref="oc-93"/>
      </symbol>
      <symbol id="sm-35d">
         <name>PORT5_IRQHandler</name>
         <value>0x1089</value>
         <object_component_ref idref="oc-93"/>
      </symbol>
      <symbol id="sm-35e">
         <name>config_buzzer</name>
         <value>0xdad</value>
         <object_component_ref idref="oc-93"/>
      </symbol>
      <symbol id="sm-35f">
         <name>PORT6_IRQHandler</name>
         <value>0x10e3</value>
         <object_component_ref idref="oc-93"/>
      </symbol>
      <symbol id="sm-360">
         <name>B_phrase</name>
         <value>0x2d1d</value>
         <object_component_ref idref="oc-10e"/>
      </symbol>
      <symbol id="sm-375">
         <name>Reset_Handler</name>
         <value>0x2c17</value>
         <object_component_ref idref="oc-75"/>
      </symbol>
      <symbol id="sm-376">
         <name>Default_Handler</name>
         <value>0x2c23</value>
         <object_component_ref idref="oc-75"/>
      </symbol>
      <symbol id="sm-377">
         <name>interruptVectors</name>
         <value>0x0</value>
         <object_component_ref idref="oc-2c"/>
      </symbol>
      <symbol id="sm-391">
         <name>handle_state</name>
         <value>0x288d</value>
         <object_component_ref idref="oc-133"/>
      </symbol>
      <symbol id="sm-392">
         <name>update_state</name>
         <value>0x284d</value>
         <object_component_ref idref="oc-133"/>
      </symbol>
      <symbol id="sm-3d8">
         <name>SystemInit</name>
         <value>0x1edd</value>
         <object_component_ref idref="oc-d5"/>
      </symbol>
      <symbol id="sm-3d9">
         <name>SystemCoreClockUpdate</name>
         <value>0x1c69</value>
         <object_component_ref idref="oc-d5"/>
      </symbol>
      <symbol id="sm-3da">
         <name>SystemCoreClock</name>
         <value>0x2000009c</value>
         <object_component_ref idref="oc-14f"/>
      </symbol>
      <symbol id="sm-416">
         <name>TA2_0_IRQHandler</name>
         <value>0x2403</value>
         <object_component_ref idref="oc-7b"/>
      </symbol>
      <symbol id="sm-417">
         <name>TA0_0_IRQHandler</name>
         <value>0x2371</value>
         <object_component_ref idref="oc-7b"/>
      </symbol>
      <symbol id="sm-418">
         <name>TA3_0_IRQHandler</name>
         <value>0x244b</value>
         <object_component_ref idref="oc-7b"/>
      </symbol>
      <symbol id="sm-419">
         <name>TA1_0_IRQHandler</name>
         <value>0x23cb</value>
         <object_component_ref idref="oc-7b"/>
      </symbol>
      <symbol id="sm-41a">
         <name>config_TA0</name>
         <value>0x2285</value>
         <object_component_ref idref="oc-7b"/>
      </symbol>
      <symbol id="sm-41b">
         <name>config_TA1</name>
         <value>0x22b1</value>
         <object_component_ref idref="oc-7b"/>
      </symbol>
      <symbol id="sm-41c">
         <name>config_TA2</name>
         <value>0x22d1</value>
         <object_component_ref idref="oc-7b"/>
      </symbol>
      <symbol id="sm-41d">
         <name>config_TA3</name>
         <value>0x2327</value>
         <object_component_ref idref="oc-7b"/>
      </symbol>
      <symbol id="sm-42e">
         <name>_c_int00</name>
         <value>0x2ab5</value>
         <object_component_ref idref="oc-26"/>
      </symbol>
      <symbol id="sm-42f">
         <name>__stack</name>
         <value>0x2000fe00</value>
         <object_component_ref idref="oc-2f"/>
      </symbol>
      <symbol id="sm-44d">
         <name>__TI_decompress_lzss</name>
         <value>0x2a4d</value>
         <object_component_ref idref="oc-14"/>
      </symbol>
      <symbol id="sm-464">
         <name>__TI_decompress_none</name>
         <value>0x2c09</value>
         <object_component_ref idref="oc-1a"/>
      </symbol>
      <symbol id="sm-476">
         <name>__TI_zero_init</name>
         <value>0x2c25</value>
         <object_component_ref idref="oc-20"/>
      </symbol>
      <symbol id="sm-497">
         <name>C$$EXIT</name>
         <value>0x2b09</value>
         <object_component_ref idref="oc-6b"/>
      </symbol>
      <symbol id="sm-498">
         <name>abort</name>
         <value>0x2b0d</value>
         <object_component_ref idref="oc-6b"/>
      </symbol>
      <symbol id="sm-499">
         <name>exit</name>
         <value>0x2b15</value>
         <object_component_ref idref="oc-6b"/>
      </symbol>
      <symbol id="sm-49a">
         <name>__TI_dtors_ptr</name>
         <value>0x20000088</value>
         <object_component_ref idref="oc-ca"/>
      </symbol>
      <symbol id="sm-49b">
         <name>__TI_cleanup_ptr</name>
         <value>0x20000084</value>
         <object_component_ref idref="oc-ca"/>
      </symbol>
      <symbol id="sm-49c">
         <name>__TI_enable_exit_profile_output</name>
         <value>0x2000008c</value>
         <object_component_ref idref="oc-ca"/>
      </symbol>
      <symbol id="sm-4ae">
         <name>__aeabi_cdcmpeq</name>
         <value>0x28dd</value>
         <object_component_ref idref="oc-102"/>
      </symbol>
      <symbol id="sm-4af">
         <name>__aeabi_cdcmple</name>
         <value>0x28dd</value>
         <object_component_ref idref="oc-102"/>
      </symbol>
      <symbol id="sm-4ba">
         <name>__aeabi_dmul</name>
         <value>0x26b5</value>
         <object_component_ref idref="oc-fd"/>
      </symbol>
      <symbol id="sm-4d5">
         <name>memcpy</name>
         <value>0x27b1</value>
         <object_component_ref idref="oc-3b"/>
      </symbol>
      <symbol id="sm-4d6">
         <name>__aeabi_memcpy</name>
         <value>0x27b1</value>
         <object_component_ref idref="oc-3b"/>
      </symbol>
      <symbol id="sm-4d7">
         <name>__aeabi_memcpy8</name>
         <value>0x27b1</value>
         <object_component_ref idref="oc-3b"/>
      </symbol>
      <symbol id="sm-4d8">
         <name>__aeabi_memcpy4</name>
         <value>0x27b1</value>
         <object_component_ref idref="oc-3b"/>
      </symbol>
      <symbol id="sm-4e7">
         <name>__aeabi_memset</name>
         <value>0x2965</value>
         <object_component_ref idref="oc-47"/>
      </symbol>
      <symbol id="sm-4e8">
         <name>memset</name>
         <value>0x296b</value>
         <object_component_ref idref="oc-47"/>
      </symbol>
      <symbol id="sm-4e9">
         <name>__aeabi_memset8</name>
         <value>0x2965</value>
         <object_component_ref idref="oc-47"/>
      </symbol>
      <symbol id="sm-4ea">
         <name>__aeabi_memset4</name>
         <value>0x2965</value>
         <object_component_ref idref="oc-47"/>
      </symbol>
      <symbol id="sm-4eb">
         <name>__aeabi_memclr8</name>
         <value>0x2963</value>
         <object_component_ref idref="oc-47"/>
      </symbol>
      <symbol id="sm-4ec">
         <name>__aeabi_memclr4</name>
         <value>0x2963</value>
         <object_component_ref idref="oc-47"/>
      </symbol>
      <symbol id="sm-4ed">
         <name>__aeabi_memclr</name>
         <value>0x2963</value>
         <object_component_ref idref="oc-47"/>
      </symbol>
      <symbol id="sm-4f7">
         <name>__mpu_init</name>
         <value>0x2c35</value>
         <object_component_ref idref="oc-53"/>
      </symbol>
      <symbol id="sm-501">
         <name>_system_pre_init</name>
         <value>0x2c31</value>
         <object_component_ref idref="oc-59"/>
      </symbol>
      <symbol id="sm-509">
         <name>main_func_sp</name>
         <value>0x20000098</value>
         <object_component_ref idref="oc-71"/>
      </symbol>
      <symbol id="sm-517">
         <name>strlen</name>
         <value>0x2bf5</value>
         <object_component_ref idref="oc-e5"/>
      </symbol>
      <symbol id="sm-521">
         <name>__aeabi_ui2d</name>
         <value>0x2ba9</value>
         <object_component_ref idref="oc-f8"/>
      </symbol>
      <symbol id="sm-53a">
         <name>_nop</name>
         <value>0x2bef</value>
         <object_component_ref idref="oc-143"/>
      </symbol>
      <symbol id="sm-53b">
         <name>_lock</name>
         <value>0x20000090</value>
         <object_component_ref idref="oc-cd"/>
      </symbol>
      <symbol id="sm-53c">
         <name>_unlock</name>
         <value>0x20000094</value>
         <object_component_ref idref="oc-cd"/>
      </symbol>
      <symbol id="sm-53d">
         <name>_register_lock</name>
         <value>0x2be7</value>
         <object_component_ref idref="oc-143"/>
      </symbol>
      <symbol id="sm-53e">
         <name>_register_unlock</name>
         <value>0x2be1</value>
         <object_component_ref idref="oc-143"/>
      </symbol>
      <symbol id="sm-552">
         <name>_args_main</name>
         <value>0x2bc9</value>
         <object_component_ref idref="oc-65"/>
      </symbol>
      <symbol id="sm-57c">
         <name>__TI_auto_init</name>
         <value>0x29dd</value>
         <object_component_ref idref="oc-5f"/>
      </symbol>
      <symbol id="sm-596">
         <name>copy_in</name>
         <value>0x2b5d</value>
         <object_component_ref idref="oc-b4"/>
      </symbol>
      <symbol id="sm-5a0">
         <name>_system_post_cinit</name>
         <value>0x2c37</value>
         <object_component_ref idref="oc-ba"/>
      </symbol>
      <symbol id="sm-5a1">
         <name>__TI_static_base__</name>
         <value>0x0</value>
      </symbol>
      <symbol id="sm-5a4">
         <name>SHT$$INIT_ARRAY$$Limit</name>
         <value>0x0</value>
      </symbol>
      <symbol id="sm-5a5">
         <name>SHT$$INIT_ARRAY$$Base</name>
         <value>0x0</value>
      </symbol>
      <symbol id="sm-5a6">
         <name>NMI_Handler</name>
         <value>0x2c23</value>
      </symbol>
      <symbol id="sm-5a7">
         <name>HardFault_Handler</name>
         <value>0x2c23</value>
      </symbol>
      <symbol id="sm-5a8">
         <name>MemManage_Handler</name>
         <value>0x2c23</value>
      </symbol>
      <symbol id="sm-5a9">
         <name>BusFault_Handler</name>
         <value>0x2c23</value>
      </symbol>
      <symbol id="sm-5aa">
         <name>UsageFault_Handler</name>
         <value>0x2c23</value>
      </symbol>
      <symbol id="sm-5ab">
         <name>SVC_Handler</name>
         <value>0x2c23</value>
      </symbol>
      <symbol id="sm-5ac">
         <name>DebugMon_Handler</name>
         <value>0x2c23</value>
      </symbol>
      <symbol id="sm-5ad">
         <name>PendSV_Handler</name>
         <value>0x2c23</value>
      </symbol>
      <symbol id="sm-5ae">
         <name>SysTick_Handler</name>
         <value>0x2c23</value>
      </symbol>
      <symbol id="sm-5af">
         <name>PSS_IRQHandler</name>
         <value>0x2c23</value>
      </symbol>
      <symbol id="sm-5b0">
         <name>CS_IRQHandler</name>
         <value>0x2c23</value>
      </symbol>
      <symbol id="sm-5b1">
         <name>PCM_IRQHandler</name>
         <value>0x2c23</value>
      </symbol>
      <symbol id="sm-5b2">
         <name>WDT_A_IRQHandler</name>
         <value>0x2c23</value>
      </symbol>
      <symbol id="sm-5b3">
         <name>FPU_IRQHandler</name>
         <value>0x2c23</value>
      </symbol>
      <symbol id="sm-5b4">
         <name>FLCTL_IRQHandler</name>
         <value>0x2c23</value>
      </symbol>
      <symbol id="sm-5b5">
         <name>COMP_E0_IRQHandler</name>
         <value>0x2c23</value>
      </symbol>
      <symbol id="sm-5b6">
         <name>COMP_E1_IRQHandler</name>
         <value>0x2c23</value>
      </symbol>
      <symbol id="sm-5b7">
         <name>TA0_0_IRQHandler</name>
         <value>0x2371</value>
      </symbol>
      <symbol id="sm-5b8">
         <name>TA0_N_IRQHandler</name>
         <value>0x2c23</value>
      </symbol>
      <symbol id="sm-5b9">
         <name>TA1_0_IRQHandler</name>
         <value>0x23cb</value>
      </symbol>
      <symbol id="sm-5ba">
         <name>TA1_N_IRQHandler</name>
         <value>0x2c23</value>
      </symbol>
      <symbol id="sm-5bb">
         <name>TA2_0_IRQHandler</name>
         <value>0x2403</value>
      </symbol>
      <symbol id="sm-5bc">
         <name>TA2_N_IRQHandler</name>
         <value>0x2c23</value>
      </symbol>
      <symbol id="sm-5bd">
         <name>TA3_0_IRQHandler</name>
         <value>0x244b</value>
      </symbol>
      <symbol id="sm-5be">
         <name>TA3_N_IRQHandler</name>
         <value>0x2c23</value>
      </symbol>
      <symbol id="sm-5bf">
         <name>EUSCIA0_IRQHandler</name>
         <value>0x2c23</value>
      </symbol>
      <symbol id="sm-5c0">
         <name>EUSCIA1_IRQHandler</name>
         <value>0x2c23</value>
      </symbol>
      <symbol id="sm-5c1">
         <name>EUSCIA2_IRQHandler</name>
         <value>0x1911</value>
      </symbol>
      <symbol id="sm-5c2">
         <name>EUSCIA3_IRQHandler</name>
         <value>0x2c23</value>
      </symbol>
      <symbol id="sm-5c3">
         <name>EUSCIB0_IRQHandler</name>
         <value>0x2c23</value>
      </symbol>
      <symbol id="sm-5c4">
         <name>EUSCIB1_IRQHandler</name>
         <value>0x2c23</value>
      </symbol>
      <symbol id="sm-5c5">
         <name>EUSCIB2_IRQHandler</name>
         <value>0x2c23</value>
      </symbol>
      <symbol id="sm-5c6">
         <name>EUSCIB3_IRQHandler</name>
         <value>0x2c23</value>
      </symbol>
      <symbol id="sm-5c7">
         <name>ADC14_IRQHandler</name>
         <value>0x25d5</value>
      </symbol>
      <symbol id="sm-5c8">
         <name>T32_INT1_IRQHandler</name>
         <value>0x2c23</value>
      </symbol>
      <symbol id="sm-5c9">
         <name>T32_INT2_IRQHandler</name>
         <value>0x2c23</value>
      </symbol>
      <symbol id="sm-5ca">
         <name>T32_INTC_IRQHandler</name>
         <value>0x2c23</value>
      </symbol>
      <symbol id="sm-5cb">
         <name>AES256_IRQHandler</name>
         <value>0x2c23</value>
      </symbol>
      <symbol id="sm-5cc">
         <name>RTC_C_IRQHandler</name>
         <value>0x200f</value>
      </symbol>
      <symbol id="sm-5cd">
         <name>DMA_ERR_IRQHandler</name>
         <value>0x2c23</value>
      </symbol>
      <symbol id="sm-5ce">
         <name>DMA_INT3_IRQHandler</name>
         <value>0x2c23</value>
      </symbol>
      <symbol id="sm-5cf">
         <name>DMA_INT2_IRQHandler</name>
         <value>0x2c23</value>
      </symbol>
      <symbol id="sm-5d0">
         <name>DMA_INT1_IRQHandler</name>
         <value>0x2c23</value>
      </symbol>
      <symbol id="sm-5d1">
         <name>DMA_INT0_IRQHandler</name>
         <value>0x2c23</value>
      </symbol>
      <symbol id="sm-5d2">
         <name>PORT1_IRQHandler</name>
         <value>0x11d5</value>
      </symbol>
      <symbol id="sm-5d3">
         <name>PORT2_IRQHandler</name>
         <value>0xf25</value>
      </symbol>
      <symbol id="sm-5d4">
         <name>PORT3_IRQHandler</name>
         <value>0x2c23</value>
      </symbol>
      <symbol id="sm-5d5">
         <name>PORT4_IRQHandler</name>
         <value>0xfe5</value>
      </symbol>
      <symbol id="sm-5d6">
         <name>PORT5_IRQHandler</name>
         <value>0x1089</value>
      </symbol>
      <symbol id="sm-5d7">
         <name>PORT6_IRQHandler</name>
         <value>0x10e3</value>
      </symbol>
   </symbol_table>
   <title>Link successful</title>
</link_info>
